/Users/ynakamura/workspace/data/mit_cbcl/test/face/cmu_0000.pgm
/Users/ynakamura/workspace/data/mit_cbcl/test/face/cmu_0001.pgm
/Users/ynakamura/workspace/data/mit_cbcl/test/face/cmu_0002.pgm
/Users/ynakamura/workspace/data/mit_cbcl/test/face/cmu_0003.pgm
/Users/ynakamura/workspace/data/mit_cbcl/test/face/cmu_0004.pgm
/Users/ynakamura/workspace/data/mit_cbcl/test/face/cmu_0005.pgm
/Users/ynakamura/workspace/data/mit_cbcl/test/face/cmu_0006.pgm
/Users/ynakamura/workspace/data/mit_cbcl/test/face/cmu_0007.pgm
/Users/ynakamura/workspace/data/mit_cbcl/test/face/cmu_0008.pgm
/Users/ynakamura/workspace/data/mit_cbcl/test/face/cmu_0009.pgm
/Users/ynakamura/workspace/data/mit_cbcl/test/face/cmu_0010.pgm
/Users/ynakamura/workspace/data/mit_cbcl/test/face/cmu_0011.pgm
/Users/ynakamura/workspace/data/mit_cbcl/test/face/cmu_0012.pgm
/Users/ynakamura/workspace/data/mit_cbcl/test/face/cmu_0013.pgm
/Users/ynakamura/workspace/data/mit_cbcl/test/face/cmu_0014.pgm
/Users/ynakamura/workspace/data/mit_cbcl/test/face/cmu_0015.pgm
/Users/ynakamura/workspace/data/mit_cbcl/test/face/cmu_0016.pgm
/Users/ynakamura/workspace/data/mit_cbcl/test/face/cmu_0017.pgm
/Users/ynakamura/workspace/data/mit_cbcl/test/face/cmu_0018.pgm
/Users/ynakamura/workspace/data/mit_cbcl/test/face/cmu_0019.pgm
/Users/ynakamura/workspace/data/mit_cbcl/test/face/cmu_0020.pgm
/Users/ynakamura/workspace/data/mit_cbcl/test/face/cmu_0021.pgm
/Users/ynakamura/workspace/data/mit_cbcl/test/face/cmu_0022.pgm
/Users/ynakamura/workspace/data/mit_cbcl/test/face/cmu_0023.pgm
/Users/ynakamura/workspace/data/mit_cbcl/test/face/cmu_0024.pgm
/Users/ynakamura/workspace/data/mit_cbcl/test/face/cmu_0025.pgm
/Users/ynakamura/workspace/data/mit_cbcl/test/face/cmu_0026.pgm
/Users/ynakamura/workspace/data/mit_cbcl/test/face/cmu_0027.pgm
/Users/ynakamura/workspace/data/mit_cbcl/test/face/cmu_0028.pgm
/Users/ynakamura/workspace/data/mit_cbcl/test/face/cmu_0029.pgm
/Users/ynakamura/workspace/data/mit_cbcl/test/face/cmu_0030.pgm
/Users/ynakamura/workspace/data/mit_cbcl/test/face/cmu_0031.pgm
/Users/ynakamura/workspace/data/mit_cbcl/test/face/cmu_0032.pgm
/Users/ynakamura/workspace/data/mit_cbcl/test/face/cmu_0033.pgm
/Users/ynakamura/workspace/data/mit_cbcl/test/face/cmu_0034.pgm
/Users/ynakamura/workspace/data/mit_cbcl/test/face/cmu_0035.pgm
/Users/ynakamura/workspace/data/mit_cbcl/test/face/cmu_0036.pgm
/Users/ynakamura/workspace/data/mit_cbcl/test/face/cmu_0037.pgm
/Users/ynakamura/workspace/data/mit_cbcl/test/face/cmu_0038.pgm
/Users/ynakamura/workspace/data/mit_cbcl/test/face/cmu_0039.pgm
/Users/ynakamura/workspace/data/mit_cbcl/test/face/cmu_0040.pgm
/Users/ynakamura/workspace/data/mit_cbcl/test/face/cmu_0041.pgm
/Users/ynakamura/workspace/data/mit_cbcl/test/face/cmu_0042.pgm
/Users/ynakamura/workspace/data/mit_cbcl/test/face/cmu_0043.pgm
/Users/ynakamura/workspace/data/mit_cbcl/test/face/cmu_0044.pgm
/Users/ynakamura/workspace/data/mit_cbcl/test/face/cmu_0045.pgm
/Users/ynakamura/workspace/data/mit_cbcl/test/face/cmu_0046.pgm
/Users/ynakamura/workspace/data/mit_cbcl/test/face/cmu_0047.pgm
/Users/ynakamura/workspace/data/mit_cbcl/test/face/cmu_0048.pgm
/Users/ynakamura/workspace/data/mit_cbcl/test/face/cmu_0049.pgm
/Users/ynakamura/workspace/data/mit_cbcl/test/face/cmu_0050.pgm
/Users/ynakamura/workspace/data/mit_cbcl/test/face/cmu_0051.pgm
/Users/ynakamura/workspace/data/mit_cbcl/test/face/cmu_0052.pgm
/Users/ynakamura/workspace/data/mit_cbcl/test/face/cmu_0053.pgm
/Users/ynakamura/workspace/data/mit_cbcl/test/face/cmu_0054.pgm
/Users/ynakamura/workspace/data/mit_cbcl/test/face/cmu_0055.pgm
/Users/ynakamura/workspace/data/mit_cbcl/test/face/cmu_0056.pgm
/Users/ynakamura/workspace/data/mit_cbcl/test/face/cmu_0057.pgm
/Users/ynakamura/workspace/data/mit_cbcl/test/face/cmu_0058.pgm
/Users/ynakamura/workspace/data/mit_cbcl/test/face/cmu_0059.pgm
/Users/ynakamura/workspace/data/mit_cbcl/test/face/cmu_0060.pgm
/Users/ynakamura/workspace/data/mit_cbcl/test/face/cmu_0061.pgm
/Users/ynakamura/workspace/data/mit_cbcl/test/face/cmu_0062.pgm
/Users/ynakamura/workspace/data/mit_cbcl/test/face/cmu_0063.pgm
/Users/ynakamura/workspace/data/mit_cbcl/test/face/cmu_0064.pgm
/Users/ynakamura/workspace/data/mit_cbcl/test/face/cmu_0065.pgm
/Users/ynakamura/workspace/data/mit_cbcl/test/face/cmu_0066.pgm
/Users/ynakamura/workspace/data/mit_cbcl/test/face/cmu_0067.pgm
/Users/ynakamura/workspace/data/mit_cbcl/test/face/cmu_0068.pgm
/Users/ynakamura/workspace/data/mit_cbcl/test/face/cmu_0069.pgm
/Users/ynakamura/workspace/data/mit_cbcl/test/face/cmu_0070.pgm
/Users/ynakamura/workspace/data/mit_cbcl/test/face/cmu_0071.pgm
/Users/ynakamura/workspace/data/mit_cbcl/test/face/cmu_0072.pgm
/Users/ynakamura/workspace/data/mit_cbcl/test/face/cmu_0073.pgm
/Users/ynakamura/workspace/data/mit_cbcl/test/face/cmu_0074.pgm
/Users/ynakamura/workspace/data/mit_cbcl/test/face/cmu_0075.pgm
/Users/ynakamura/workspace/data/mit_cbcl/test/face/cmu_0076.pgm
/Users/ynakamura/workspace/data/mit_cbcl/test/face/cmu_0077.pgm
/Users/ynakamura/workspace/data/mit_cbcl/test/face/cmu_0078.pgm
/Users/ynakamura/workspace/data/mit_cbcl/test/face/cmu_0079.pgm
/Users/ynakamura/workspace/data/mit_cbcl/test/face/cmu_0080.pgm
/Users/ynakamura/workspace/data/mit_cbcl/test/face/cmu_0081.pgm
/Users/ynakamura/workspace/data/mit_cbcl/test/face/cmu_0082.pgm
/Users/ynakamura/workspace/data/mit_cbcl/test/face/cmu_0083.pgm
/Users/ynakamura/workspace/data/mit_cbcl/test/face/cmu_0084.pgm
/Users/ynakamura/workspace/data/mit_cbcl/test/face/cmu_0085.pgm
/Users/ynakamura/workspace/data/mit_cbcl/test/face/cmu_0086.pgm
/Users/ynakamura/workspace/data/mit_cbcl/test/face/cmu_0087.pgm
/Users/ynakamura/workspace/data/mit_cbcl/test/face/cmu_0088.pgm
/Users/ynakamura/workspace/data/mit_cbcl/test/face/cmu_0089.pgm
/Users/ynakamura/workspace/data/mit_cbcl/test/face/cmu_0090.pgm
/Users/ynakamura/workspace/data/mit_cbcl/test/face/cmu_0091.pgm
/Users/ynakamura/workspace/data/mit_cbcl/test/face/cmu_0092.pgm
/Users/ynakamura/workspace/data/mit_cbcl/test/face/cmu_0093.pgm
/Users/ynakamura/workspace/data/mit_cbcl/test/face/cmu_0094.pgm
/Users/ynakamura/workspace/data/mit_cbcl/test/face/cmu_0095.pgm
/Users/ynakamura/workspace/data/mit_cbcl/test/face/cmu_0096.pgm
/Users/ynakamura/workspace/data/mit_cbcl/test/face/cmu_0097.pgm
/Users/ynakamura/workspace/data/mit_cbcl/test/face/cmu_0098.pgm
/Users/ynakamura/workspace/data/mit_cbcl/test/face/cmu_0099.pgm
/Users/ynakamura/workspace/data/mit_cbcl/test/face/cmu_0100.pgm
/Users/ynakamura/workspace/data/mit_cbcl/test/face/cmu_0101.pgm
/Users/ynakamura/workspace/data/mit_cbcl/test/face/cmu_0102.pgm
/Users/ynakamura/workspace/data/mit_cbcl/test/face/cmu_0103.pgm
/Users/ynakamura/workspace/data/mit_cbcl/test/face/cmu_0104.pgm
/Users/ynakamura/workspace/data/mit_cbcl/test/face/cmu_0105.pgm
/Users/ynakamura/workspace/data/mit_cbcl/test/face/cmu_0106.pgm
/Users/ynakamura/workspace/data/mit_cbcl/test/face/cmu_0107.pgm
/Users/ynakamura/workspace/data/mit_cbcl/test/face/cmu_0108.pgm
/Users/ynakamura/workspace/data/mit_cbcl/test/face/cmu_0109.pgm
/Users/ynakamura/workspace/data/mit_cbcl/test/face/cmu_0110.pgm
/Users/ynakamura/workspace/data/mit_cbcl/test/face/cmu_0111.pgm
/Users/ynakamura/workspace/data/mit_cbcl/test/face/cmu_0112.pgm
/Users/ynakamura/workspace/data/mit_cbcl/test/face/cmu_0113.pgm
/Users/ynakamura/workspace/data/mit_cbcl/test/face/cmu_0114.pgm
/Users/ynakamura/workspace/data/mit_cbcl/test/face/cmu_0115.pgm
/Users/ynakamura/workspace/data/mit_cbcl/test/face/cmu_0116.pgm
/Users/ynakamura/workspace/data/mit_cbcl/test/face/cmu_0117.pgm
/Users/ynakamura/workspace/data/mit_cbcl/test/face/cmu_0118.pgm
/Users/ynakamura/workspace/data/mit_cbcl/test/face/cmu_0119.pgm
/Users/ynakamura/workspace/data/mit_cbcl/test/face/cmu_0120.pgm
/Users/ynakamura/workspace/data/mit_cbcl/test/face/cmu_0121.pgm
/Users/ynakamura/workspace/data/mit_cbcl/test/face/cmu_0122.pgm
/Users/ynakamura/workspace/data/mit_cbcl/test/face/cmu_0123.pgm
/Users/ynakamura/workspace/data/mit_cbcl/test/face/cmu_0124.pgm
/Users/ynakamura/workspace/data/mit_cbcl/test/face/cmu_0125.pgm
/Users/ynakamura/workspace/data/mit_cbcl/test/face/cmu_0126.pgm
/Users/ynakamura/workspace/data/mit_cbcl/test/face/cmu_0127.pgm
/Users/ynakamura/workspace/data/mit_cbcl/test/face/cmu_0128.pgm
/Users/ynakamura/workspace/data/mit_cbcl/test/face/cmu_0129.pgm
/Users/ynakamura/workspace/data/mit_cbcl/test/face/cmu_0130.pgm
/Users/ynakamura/workspace/data/mit_cbcl/test/face/cmu_0131.pgm
/Users/ynakamura/workspace/data/mit_cbcl/test/face/cmu_0132.pgm
/Users/ynakamura/workspace/data/mit_cbcl/test/face/cmu_0133.pgm
/Users/ynakamura/workspace/data/mit_cbcl/test/face/cmu_0134.pgm
/Users/ynakamura/workspace/data/mit_cbcl/test/face/cmu_0135.pgm
/Users/ynakamura/workspace/data/mit_cbcl/test/face/cmu_0136.pgm
/Users/ynakamura/workspace/data/mit_cbcl/test/face/cmu_0137.pgm
/Users/ynakamura/workspace/data/mit_cbcl/test/face/cmu_0138.pgm
/Users/ynakamura/workspace/data/mit_cbcl/test/face/cmu_0139.pgm
/Users/ynakamura/workspace/data/mit_cbcl/test/face/cmu_0140.pgm
/Users/ynakamura/workspace/data/mit_cbcl/test/face/cmu_0141.pgm
/Users/ynakamura/workspace/data/mit_cbcl/test/face/cmu_0142.pgm
/Users/ynakamura/workspace/data/mit_cbcl/test/face/cmu_0143.pgm
/Users/ynakamura/workspace/data/mit_cbcl/test/face/cmu_0144.pgm
/Users/ynakamura/workspace/data/mit_cbcl/test/face/cmu_0145.pgm
/Users/ynakamura/workspace/data/mit_cbcl/test/face/cmu_0146.pgm
/Users/ynakamura/workspace/data/mit_cbcl/test/face/cmu_0147.pgm
/Users/ynakamura/workspace/data/mit_cbcl/test/face/cmu_0148.pgm
/Users/ynakamura/workspace/data/mit_cbcl/test/face/cmu_0149.pgm
/Users/ynakamura/workspace/data/mit_cbcl/test/face/cmu_0150.pgm
/Users/ynakamura/workspace/data/mit_cbcl/test/face/cmu_0151.pgm
/Users/ynakamura/workspace/data/mit_cbcl/test/face/cmu_0152.pgm
/Users/ynakamura/workspace/data/mit_cbcl/test/face/cmu_0153.pgm
/Users/ynakamura/workspace/data/mit_cbcl/test/face/cmu_0154.pgm
/Users/ynakamura/workspace/data/mit_cbcl/test/face/cmu_0155.pgm
/Users/ynakamura/workspace/data/mit_cbcl/test/face/cmu_0156.pgm
/Users/ynakamura/workspace/data/mit_cbcl/test/face/cmu_0157.pgm
/Users/ynakamura/workspace/data/mit_cbcl/test/face/cmu_0158.pgm
/Users/ynakamura/workspace/data/mit_cbcl/test/face/cmu_0159.pgm
/Users/ynakamura/workspace/data/mit_cbcl/test/face/cmu_0160.pgm
/Users/ynakamura/workspace/data/mit_cbcl/test/face/cmu_0161.pgm
/Users/ynakamura/workspace/data/mit_cbcl/test/face/cmu_0162.pgm
/Users/ynakamura/workspace/data/mit_cbcl/test/face/cmu_0163.pgm
/Users/ynakamura/workspace/data/mit_cbcl/test/face/cmu_0164.pgm
/Users/ynakamura/workspace/data/mit_cbcl/test/face/cmu_0165.pgm
/Users/ynakamura/workspace/data/mit_cbcl/test/face/cmu_0166.pgm
/Users/ynakamura/workspace/data/mit_cbcl/test/face/cmu_0167.pgm
/Users/ynakamura/workspace/data/mit_cbcl/test/face/cmu_0168.pgm
/Users/ynakamura/workspace/data/mit_cbcl/test/face/cmu_0169.pgm
/Users/ynakamura/workspace/data/mit_cbcl/test/face/cmu_0170.pgm
/Users/ynakamura/workspace/data/mit_cbcl/test/face/cmu_0171.pgm
/Users/ynakamura/workspace/data/mit_cbcl/test/face/cmu_0172.pgm
/Users/ynakamura/workspace/data/mit_cbcl/test/face/cmu_0173.pgm
/Users/ynakamura/workspace/data/mit_cbcl/test/face/cmu_0174.pgm
/Users/ynakamura/workspace/data/mit_cbcl/test/face/cmu_0175.pgm
/Users/ynakamura/workspace/data/mit_cbcl/test/face/cmu_0176.pgm
/Users/ynakamura/workspace/data/mit_cbcl/test/face/cmu_0177.pgm
/Users/ynakamura/workspace/data/mit_cbcl/test/face/cmu_0178.pgm
/Users/ynakamura/workspace/data/mit_cbcl/test/face/cmu_0179.pgm
/Users/ynakamura/workspace/data/mit_cbcl/test/face/cmu_0180.pgm
/Users/ynakamura/workspace/data/mit_cbcl/test/face/cmu_0181.pgm
/Users/ynakamura/workspace/data/mit_cbcl/test/face/cmu_0182.pgm
/Users/ynakamura/workspace/data/mit_cbcl/test/face/cmu_0183.pgm
/Users/ynakamura/workspace/data/mit_cbcl/test/face/cmu_0184.pgm
/Users/ynakamura/workspace/data/mit_cbcl/test/face/cmu_0185.pgm
/Users/ynakamura/workspace/data/mit_cbcl/test/face/cmu_0186.pgm
/Users/ynakamura/workspace/data/mit_cbcl/test/face/cmu_0187.pgm
/Users/ynakamura/workspace/data/mit_cbcl/test/face/cmu_0188.pgm
/Users/ynakamura/workspace/data/mit_cbcl/test/face/cmu_0189.pgm
/Users/ynakamura/workspace/data/mit_cbcl/test/face/cmu_0190.pgm
/Users/ynakamura/workspace/data/mit_cbcl/test/face/cmu_0191.pgm
/Users/ynakamura/workspace/data/mit_cbcl/test/face/cmu_0192.pgm
/Users/ynakamura/workspace/data/mit_cbcl/test/face/cmu_0193.pgm
/Users/ynakamura/workspace/data/mit_cbcl/test/face/cmu_0194.pgm
/Users/ynakamura/workspace/data/mit_cbcl/test/face/cmu_0195.pgm
/Users/ynakamura/workspace/data/mit_cbcl/test/face/cmu_0196.pgm
/Users/ynakamura/workspace/data/mit_cbcl/test/face/cmu_0197.pgm
/Users/ynakamura/workspace/data/mit_cbcl/test/face/cmu_0198.pgm
/Users/ynakamura/workspace/data/mit_cbcl/test/face/cmu_0199.pgm
/Users/ynakamura/workspace/data/mit_cbcl/test/face/cmu_0200.pgm
/Users/ynakamura/workspace/data/mit_cbcl/test/face/cmu_0201.pgm
/Users/ynakamura/workspace/data/mit_cbcl/test/face/cmu_0202.pgm
/Users/ynakamura/workspace/data/mit_cbcl/test/face/cmu_0203.pgm
/Users/ynakamura/workspace/data/mit_cbcl/test/face/cmu_0204.pgm
/Users/ynakamura/workspace/data/mit_cbcl/test/face/cmu_0205.pgm
/Users/ynakamura/workspace/data/mit_cbcl/test/face/cmu_0206.pgm
/Users/ynakamura/workspace/data/mit_cbcl/test/face/cmu_0207.pgm
/Users/ynakamura/workspace/data/mit_cbcl/test/face/cmu_0208.pgm
/Users/ynakamura/workspace/data/mit_cbcl/test/face/cmu_0209.pgm
/Users/ynakamura/workspace/data/mit_cbcl/test/face/cmu_0210.pgm
/Users/ynakamura/workspace/data/mit_cbcl/test/face/cmu_0211.pgm
/Users/ynakamura/workspace/data/mit_cbcl/test/face/cmu_0212.pgm
/Users/ynakamura/workspace/data/mit_cbcl/test/face/cmu_0213.pgm
/Users/ynakamura/workspace/data/mit_cbcl/test/face/cmu_0214.pgm
/Users/ynakamura/workspace/data/mit_cbcl/test/face/cmu_0215.pgm
/Users/ynakamura/workspace/data/mit_cbcl/test/face/cmu_0216.pgm
/Users/ynakamura/workspace/data/mit_cbcl/test/face/cmu_0217.pgm
/Users/ynakamura/workspace/data/mit_cbcl/test/face/cmu_0218.pgm
/Users/ynakamura/workspace/data/mit_cbcl/test/face/cmu_0219.pgm
/Users/ynakamura/workspace/data/mit_cbcl/test/face/cmu_0220.pgm
/Users/ynakamura/workspace/data/mit_cbcl/test/face/cmu_0221.pgm
/Users/ynakamura/workspace/data/mit_cbcl/test/face/cmu_0222.pgm
/Users/ynakamura/workspace/data/mit_cbcl/test/face/cmu_0223.pgm
/Users/ynakamura/workspace/data/mit_cbcl/test/face/cmu_0224.pgm
/Users/ynakamura/workspace/data/mit_cbcl/test/face/cmu_0225.pgm
/Users/ynakamura/workspace/data/mit_cbcl/test/face/cmu_0226.pgm
/Users/ynakamura/workspace/data/mit_cbcl/test/face/cmu_0227.pgm
/Users/ynakamura/workspace/data/mit_cbcl/test/face/cmu_0228.pgm
/Users/ynakamura/workspace/data/mit_cbcl/test/face/cmu_0229.pgm
/Users/ynakamura/workspace/data/mit_cbcl/test/face/cmu_0230.pgm
/Users/ynakamura/workspace/data/mit_cbcl/test/face/cmu_0231.pgm
/Users/ynakamura/workspace/data/mit_cbcl/test/face/cmu_0232.pgm
/Users/ynakamura/workspace/data/mit_cbcl/test/face/cmu_0233.pgm
/Users/ynakamura/workspace/data/mit_cbcl/test/face/cmu_0234.pgm
/Users/ynakamura/workspace/data/mit_cbcl/test/face/cmu_0235.pgm
/Users/ynakamura/workspace/data/mit_cbcl/test/face/cmu_0236.pgm
/Users/ynakamura/workspace/data/mit_cbcl/test/face/cmu_0237.pgm
/Users/ynakamura/workspace/data/mit_cbcl/test/face/cmu_0238.pgm
/Users/ynakamura/workspace/data/mit_cbcl/test/face/cmu_0239.pgm
/Users/ynakamura/workspace/data/mit_cbcl/test/face/cmu_0240.pgm
/Users/ynakamura/workspace/data/mit_cbcl/test/face/cmu_0241.pgm
/Users/ynakamura/workspace/data/mit_cbcl/test/face/cmu_0242.pgm
/Users/ynakamura/workspace/data/mit_cbcl/test/face/cmu_0243.pgm
/Users/ynakamura/workspace/data/mit_cbcl/test/face/cmu_0244.pgm
/Users/ynakamura/workspace/data/mit_cbcl/test/face/cmu_0245.pgm
/Users/ynakamura/workspace/data/mit_cbcl/test/face/cmu_0246.pgm
/Users/ynakamura/workspace/data/mit_cbcl/test/face/cmu_0247.pgm
/Users/ynakamura/workspace/data/mit_cbcl/test/face/cmu_0248.pgm
/Users/ynakamura/workspace/data/mit_cbcl/test/face/cmu_0249.pgm
/Users/ynakamura/workspace/data/mit_cbcl/test/face/cmu_0250.pgm
/Users/ynakamura/workspace/data/mit_cbcl/test/face/cmu_0251.pgm
/Users/ynakamura/workspace/data/mit_cbcl/test/face/cmu_0252.pgm
/Users/ynakamura/workspace/data/mit_cbcl/test/face/cmu_0253.pgm
/Users/ynakamura/workspace/data/mit_cbcl/test/face/cmu_0254.pgm
/Users/ynakamura/workspace/data/mit_cbcl/test/face/cmu_0255.pgm
/Users/ynakamura/workspace/data/mit_cbcl/test/face/cmu_0256.pgm
/Users/ynakamura/workspace/data/mit_cbcl/test/face/cmu_0257.pgm
/Users/ynakamura/workspace/data/mit_cbcl/test/face/cmu_0258.pgm
/Users/ynakamura/workspace/data/mit_cbcl/test/face/cmu_0259.pgm
/Users/ynakamura/workspace/data/mit_cbcl/test/face/cmu_0260.pgm
/Users/ynakamura/workspace/data/mit_cbcl/test/face/cmu_0261.pgm
/Users/ynakamura/workspace/data/mit_cbcl/test/face/cmu_0262.pgm
/Users/ynakamura/workspace/data/mit_cbcl/test/face/cmu_0263.pgm
/Users/ynakamura/workspace/data/mit_cbcl/test/face/cmu_0264.pgm
/Users/ynakamura/workspace/data/mit_cbcl/test/face/cmu_0265.pgm
/Users/ynakamura/workspace/data/mit_cbcl/test/face/cmu_0266.pgm
/Users/ynakamura/workspace/data/mit_cbcl/test/face/cmu_0267.pgm
/Users/ynakamura/workspace/data/mit_cbcl/test/face/cmu_0268.pgm
/Users/ynakamura/workspace/data/mit_cbcl/test/face/cmu_0269.pgm
/Users/ynakamura/workspace/data/mit_cbcl/test/face/cmu_0270.pgm
/Users/ynakamura/workspace/data/mit_cbcl/test/face/cmu_0271.pgm
/Users/ynakamura/workspace/data/mit_cbcl/test/face/cmu_0272.pgm
/Users/ynakamura/workspace/data/mit_cbcl/test/face/cmu_0273.pgm
/Users/ynakamura/workspace/data/mit_cbcl/test/face/cmu_0274.pgm
/Users/ynakamura/workspace/data/mit_cbcl/test/face/cmu_0275.pgm
/Users/ynakamura/workspace/data/mit_cbcl/test/face/cmu_0276.pgm
/Users/ynakamura/workspace/data/mit_cbcl/test/face/cmu_0277.pgm
/Users/ynakamura/workspace/data/mit_cbcl/test/face/cmu_0278.pgm
/Users/ynakamura/workspace/data/mit_cbcl/test/face/cmu_0279.pgm
/Users/ynakamura/workspace/data/mit_cbcl/test/face/cmu_0280.pgm
/Users/ynakamura/workspace/data/mit_cbcl/test/face/cmu_0281.pgm
/Users/ynakamura/workspace/data/mit_cbcl/test/face/cmu_0282.pgm
/Users/ynakamura/workspace/data/mit_cbcl/test/face/cmu_0283.pgm
/Users/ynakamura/workspace/data/mit_cbcl/test/face/cmu_0284.pgm
/Users/ynakamura/workspace/data/mit_cbcl/test/face/cmu_0285.pgm
/Users/ynakamura/workspace/data/mit_cbcl/test/face/cmu_0286.pgm
/Users/ynakamura/workspace/data/mit_cbcl/test/face/cmu_0287.pgm
/Users/ynakamura/workspace/data/mit_cbcl/test/face/cmu_0288.pgm
/Users/ynakamura/workspace/data/mit_cbcl/test/face/cmu_0289.pgm
/Users/ynakamura/workspace/data/mit_cbcl/test/face/cmu_0290.pgm
/Users/ynakamura/workspace/data/mit_cbcl/test/face/cmu_0291.pgm
/Users/ynakamura/workspace/data/mit_cbcl/test/face/cmu_0292.pgm
/Users/ynakamura/workspace/data/mit_cbcl/test/face/cmu_0293.pgm
/Users/ynakamura/workspace/data/mit_cbcl/test/face/cmu_0294.pgm
/Users/ynakamura/workspace/data/mit_cbcl/test/face/cmu_0295.pgm
/Users/ynakamura/workspace/data/mit_cbcl/test/face/cmu_0296.pgm
/Users/ynakamura/workspace/data/mit_cbcl/test/face/cmu_0297.pgm
/Users/ynakamura/workspace/data/mit_cbcl/test/face/cmu_0298.pgm
/Users/ynakamura/workspace/data/mit_cbcl/test/face/cmu_0299.pgm
/Users/ynakamura/workspace/data/mit_cbcl/test/face/cmu_0300.pgm
/Users/ynakamura/workspace/data/mit_cbcl/test/face/cmu_0301.pgm
/Users/ynakamura/workspace/data/mit_cbcl/test/face/cmu_0302.pgm
/Users/ynakamura/workspace/data/mit_cbcl/test/face/cmu_0303.pgm
/Users/ynakamura/workspace/data/mit_cbcl/test/face/cmu_0304.pgm
/Users/ynakamura/workspace/data/mit_cbcl/test/face/cmu_0305.pgm
/Users/ynakamura/workspace/data/mit_cbcl/test/face/cmu_0306.pgm
/Users/ynakamura/workspace/data/mit_cbcl/test/face/cmu_0307.pgm
/Users/ynakamura/workspace/data/mit_cbcl/test/face/cmu_0308.pgm
/Users/ynakamura/workspace/data/mit_cbcl/test/face/cmu_0309.pgm
/Users/ynakamura/workspace/data/mit_cbcl/test/face/cmu_0310.pgm
/Users/ynakamura/workspace/data/mit_cbcl/test/face/cmu_0311.pgm
/Users/ynakamura/workspace/data/mit_cbcl/test/face/cmu_0312.pgm
/Users/ynakamura/workspace/data/mit_cbcl/test/face/cmu_0313.pgm
/Users/ynakamura/workspace/data/mit_cbcl/test/face/cmu_0314.pgm
/Users/ynakamura/workspace/data/mit_cbcl/test/face/cmu_0315.pgm
/Users/ynakamura/workspace/data/mit_cbcl/test/face/cmu_0316.pgm
/Users/ynakamura/workspace/data/mit_cbcl/test/face/cmu_0317.pgm
/Users/ynakamura/workspace/data/mit_cbcl/test/face/cmu_0318.pgm
/Users/ynakamura/workspace/data/mit_cbcl/test/face/cmu_0319.pgm
/Users/ynakamura/workspace/data/mit_cbcl/test/face/cmu_0320.pgm
/Users/ynakamura/workspace/data/mit_cbcl/test/face/cmu_0321.pgm
/Users/ynakamura/workspace/data/mit_cbcl/test/face/cmu_0322.pgm
/Users/ynakamura/workspace/data/mit_cbcl/test/face/cmu_0323.pgm
/Users/ynakamura/workspace/data/mit_cbcl/test/face/cmu_0324.pgm
/Users/ynakamura/workspace/data/mit_cbcl/test/face/cmu_0325.pgm
/Users/ynakamura/workspace/data/mit_cbcl/test/face/cmu_0326.pgm
/Users/ynakamura/workspace/data/mit_cbcl/test/face/cmu_0327.pgm
/Users/ynakamura/workspace/data/mit_cbcl/test/face/cmu_0328.pgm
/Users/ynakamura/workspace/data/mit_cbcl/test/face/cmu_0329.pgm
/Users/ynakamura/workspace/data/mit_cbcl/test/face/cmu_0330.pgm
/Users/ynakamura/workspace/data/mit_cbcl/test/face/cmu_0331.pgm
/Users/ynakamura/workspace/data/mit_cbcl/test/face/cmu_0332.pgm
/Users/ynakamura/workspace/data/mit_cbcl/test/face/cmu_0333.pgm
/Users/ynakamura/workspace/data/mit_cbcl/test/face/cmu_0334.pgm
/Users/ynakamura/workspace/data/mit_cbcl/test/face/cmu_0335.pgm
/Users/ynakamura/workspace/data/mit_cbcl/test/face/cmu_0336.pgm
/Users/ynakamura/workspace/data/mit_cbcl/test/face/cmu_0337.pgm
/Users/ynakamura/workspace/data/mit_cbcl/test/face/cmu_0338.pgm
/Users/ynakamura/workspace/data/mit_cbcl/test/face/cmu_0339.pgm
/Users/ynakamura/workspace/data/mit_cbcl/test/face/cmu_0340.pgm
/Users/ynakamura/workspace/data/mit_cbcl/test/face/cmu_0341.pgm
/Users/ynakamura/workspace/data/mit_cbcl/test/face/cmu_0342.pgm
/Users/ynakamura/workspace/data/mit_cbcl/test/face/cmu_0343.pgm
/Users/ynakamura/workspace/data/mit_cbcl/test/face/cmu_0344.pgm
/Users/ynakamura/workspace/data/mit_cbcl/test/face/cmu_0345.pgm
/Users/ynakamura/workspace/data/mit_cbcl/test/face/cmu_0346.pgm
/Users/ynakamura/workspace/data/mit_cbcl/test/face/cmu_0347.pgm
/Users/ynakamura/workspace/data/mit_cbcl/test/face/cmu_0348.pgm
/Users/ynakamura/workspace/data/mit_cbcl/test/face/cmu_0349.pgm
/Users/ynakamura/workspace/data/mit_cbcl/test/face/cmu_0350.pgm
/Users/ynakamura/workspace/data/mit_cbcl/test/face/cmu_0351.pgm
/Users/ynakamura/workspace/data/mit_cbcl/test/face/cmu_0352.pgm
/Users/ynakamura/workspace/data/mit_cbcl/test/face/cmu_0353.pgm
/Users/ynakamura/workspace/data/mit_cbcl/test/face/cmu_0354.pgm
/Users/ynakamura/workspace/data/mit_cbcl/test/face/cmu_0355.pgm
/Users/ynakamura/workspace/data/mit_cbcl/test/face/cmu_0356.pgm
/Users/ynakamura/workspace/data/mit_cbcl/test/face/cmu_0357.pgm
/Users/ynakamura/workspace/data/mit_cbcl/test/face/cmu_0358.pgm
/Users/ynakamura/workspace/data/mit_cbcl/test/face/cmu_0359.pgm
/Users/ynakamura/workspace/data/mit_cbcl/test/face/cmu_0360.pgm
/Users/ynakamura/workspace/data/mit_cbcl/test/face/cmu_0361.pgm
/Users/ynakamura/workspace/data/mit_cbcl/test/face/cmu_0362.pgm
/Users/ynakamura/workspace/data/mit_cbcl/test/face/cmu_0363.pgm
/Users/ynakamura/workspace/data/mit_cbcl/test/face/cmu_0364.pgm
/Users/ynakamura/workspace/data/mit_cbcl/test/face/cmu_0365.pgm
/Users/ynakamura/workspace/data/mit_cbcl/test/face/cmu_0366.pgm
/Users/ynakamura/workspace/data/mit_cbcl/test/face/cmu_0367.pgm
/Users/ynakamura/workspace/data/mit_cbcl/test/face/cmu_0368.pgm
/Users/ynakamura/workspace/data/mit_cbcl/test/face/cmu_0369.pgm
/Users/ynakamura/workspace/data/mit_cbcl/test/face/cmu_0370.pgm
/Users/ynakamura/workspace/data/mit_cbcl/test/face/cmu_0371.pgm
/Users/ynakamura/workspace/data/mit_cbcl/test/face/cmu_0372.pgm
/Users/ynakamura/workspace/data/mit_cbcl/test/face/cmu_0373.pgm
/Users/ynakamura/workspace/data/mit_cbcl/test/face/cmu_0374.pgm
/Users/ynakamura/workspace/data/mit_cbcl/test/face/cmu_0375.pgm
/Users/ynakamura/workspace/data/mit_cbcl/test/face/cmu_0376.pgm
/Users/ynakamura/workspace/data/mit_cbcl/test/face/cmu_0377.pgm
/Users/ynakamura/workspace/data/mit_cbcl/test/face/cmu_0378.pgm
/Users/ynakamura/workspace/data/mit_cbcl/test/face/cmu_0379.pgm
/Users/ynakamura/workspace/data/mit_cbcl/test/face/cmu_0380.pgm
/Users/ynakamura/workspace/data/mit_cbcl/test/face/cmu_0381.pgm
/Users/ynakamura/workspace/data/mit_cbcl/test/face/cmu_0382.pgm
/Users/ynakamura/workspace/data/mit_cbcl/test/face/cmu_0383.pgm
/Users/ynakamura/workspace/data/mit_cbcl/test/face/cmu_0384.pgm
/Users/ynakamura/workspace/data/mit_cbcl/test/face/cmu_0385.pgm
/Users/ynakamura/workspace/data/mit_cbcl/test/face/cmu_0386.pgm
/Users/ynakamura/workspace/data/mit_cbcl/test/face/cmu_0387.pgm
/Users/ynakamura/workspace/data/mit_cbcl/test/face/cmu_0388.pgm
/Users/ynakamura/workspace/data/mit_cbcl/test/face/cmu_0389.pgm
/Users/ynakamura/workspace/data/mit_cbcl/test/face/cmu_0390.pgm
/Users/ynakamura/workspace/data/mit_cbcl/test/face/cmu_0391.pgm
/Users/ynakamura/workspace/data/mit_cbcl/test/face/cmu_0392.pgm
/Users/ynakamura/workspace/data/mit_cbcl/test/face/cmu_0393.pgm
/Users/ynakamura/workspace/data/mit_cbcl/test/face/cmu_0394.pgm
/Users/ynakamura/workspace/data/mit_cbcl/test/face/cmu_0395.pgm
/Users/ynakamura/workspace/data/mit_cbcl/test/face/cmu_0396.pgm
/Users/ynakamura/workspace/data/mit_cbcl/test/face/cmu_0397.pgm
/Users/ynakamura/workspace/data/mit_cbcl/test/face/cmu_0398.pgm
/Users/ynakamura/workspace/data/mit_cbcl/test/face/cmu_0399.pgm
/Users/ynakamura/workspace/data/mit_cbcl/test/face/cmu_0400.pgm
/Users/ynakamura/workspace/data/mit_cbcl/test/face/cmu_0401.pgm
/Users/ynakamura/workspace/data/mit_cbcl/test/face/cmu_0402.pgm
/Users/ynakamura/workspace/data/mit_cbcl/test/face/cmu_0403.pgm
/Users/ynakamura/workspace/data/mit_cbcl/test/face/cmu_0404.pgm
/Users/ynakamura/workspace/data/mit_cbcl/test/face/cmu_0405.pgm
/Users/ynakamura/workspace/data/mit_cbcl/test/face/cmu_0406.pgm
/Users/ynakamura/workspace/data/mit_cbcl/test/face/cmu_0407.pgm
/Users/ynakamura/workspace/data/mit_cbcl/test/face/cmu_0408.pgm
/Users/ynakamura/workspace/data/mit_cbcl/test/face/cmu_0409.pgm
/Users/ynakamura/workspace/data/mit_cbcl/test/face/cmu_0410.pgm
/Users/ynakamura/workspace/data/mit_cbcl/test/face/cmu_0411.pgm
/Users/ynakamura/workspace/data/mit_cbcl/test/face/cmu_0412.pgm
/Users/ynakamura/workspace/data/mit_cbcl/test/face/cmu_0413.pgm
/Users/ynakamura/workspace/data/mit_cbcl/test/face/cmu_0414.pgm
/Users/ynakamura/workspace/data/mit_cbcl/test/face/cmu_0415.pgm
/Users/ynakamura/workspace/data/mit_cbcl/test/face/cmu_0416.pgm
/Users/ynakamura/workspace/data/mit_cbcl/test/face/cmu_0417.pgm
/Users/ynakamura/workspace/data/mit_cbcl/test/face/cmu_0418.pgm
/Users/ynakamura/workspace/data/mit_cbcl/test/face/cmu_0419.pgm
/Users/ynakamura/workspace/data/mit_cbcl/test/face/cmu_0420.pgm
/Users/ynakamura/workspace/data/mit_cbcl/test/face/cmu_0421.pgm
/Users/ynakamura/workspace/data/mit_cbcl/test/face/cmu_0422.pgm
/Users/ynakamura/workspace/data/mit_cbcl/test/face/cmu_0423.pgm
/Users/ynakamura/workspace/data/mit_cbcl/test/face/cmu_0424.pgm
/Users/ynakamura/workspace/data/mit_cbcl/test/face/cmu_0425.pgm
/Users/ynakamura/workspace/data/mit_cbcl/test/face/cmu_0426.pgm
/Users/ynakamura/workspace/data/mit_cbcl/test/face/cmu_0427.pgm
/Users/ynakamura/workspace/data/mit_cbcl/test/face/cmu_0428.pgm
/Users/ynakamura/workspace/data/mit_cbcl/test/face/cmu_0429.pgm
/Users/ynakamura/workspace/data/mit_cbcl/test/face/cmu_0430.pgm
/Users/ynakamura/workspace/data/mit_cbcl/test/face/cmu_0431.pgm
/Users/ynakamura/workspace/data/mit_cbcl/test/face/cmu_0432.pgm
/Users/ynakamura/workspace/data/mit_cbcl/test/face/cmu_0433.pgm
/Users/ynakamura/workspace/data/mit_cbcl/test/face/cmu_0434.pgm
/Users/ynakamura/workspace/data/mit_cbcl/test/face/cmu_0435.pgm
/Users/ynakamura/workspace/data/mit_cbcl/test/face/cmu_0436.pgm
/Users/ynakamura/workspace/data/mit_cbcl/test/face/cmu_0437.pgm
/Users/ynakamura/workspace/data/mit_cbcl/test/face/cmu_0438.pgm
/Users/ynakamura/workspace/data/mit_cbcl/test/face/cmu_0439.pgm
/Users/ynakamura/workspace/data/mit_cbcl/test/face/cmu_0440.pgm
/Users/ynakamura/workspace/data/mit_cbcl/test/face/cmu_0441.pgm
/Users/ynakamura/workspace/data/mit_cbcl/test/face/cmu_0442.pgm
/Users/ynakamura/workspace/data/mit_cbcl/test/face/cmu_0443.pgm
/Users/ynakamura/workspace/data/mit_cbcl/test/face/cmu_0444.pgm
/Users/ynakamura/workspace/data/mit_cbcl/test/face/cmu_0445.pgm
/Users/ynakamura/workspace/data/mit_cbcl/test/face/cmu_0446.pgm
/Users/ynakamura/workspace/data/mit_cbcl/test/face/cmu_0447.pgm
/Users/ynakamura/workspace/data/mit_cbcl/test/face/cmu_0448.pgm
/Users/ynakamura/workspace/data/mit_cbcl/test/face/cmu_0449.pgm
/Users/ynakamura/workspace/data/mit_cbcl/test/face/cmu_0450.pgm
/Users/ynakamura/workspace/data/mit_cbcl/test/face/cmu_0451.pgm
/Users/ynakamura/workspace/data/mit_cbcl/test/face/cmu_0452.pgm
/Users/ynakamura/workspace/data/mit_cbcl/test/face/cmu_0453.pgm
/Users/ynakamura/workspace/data/mit_cbcl/test/face/cmu_0454.pgm
/Users/ynakamura/workspace/data/mit_cbcl/test/face/cmu_0455.pgm
/Users/ynakamura/workspace/data/mit_cbcl/test/face/cmu_0456.pgm
/Users/ynakamura/workspace/data/mit_cbcl/test/face/cmu_0457.pgm
/Users/ynakamura/workspace/data/mit_cbcl/test/face/cmu_0458.pgm
/Users/ynakamura/workspace/data/mit_cbcl/test/face/cmu_0459.pgm
/Users/ynakamura/workspace/data/mit_cbcl/test/face/cmu_0460.pgm
/Users/ynakamura/workspace/data/mit_cbcl/test/face/cmu_0461.pgm
/Users/ynakamura/workspace/data/mit_cbcl/test/face/cmu_0462.pgm
/Users/ynakamura/workspace/data/mit_cbcl/test/face/cmu_0463.pgm
/Users/ynakamura/workspace/data/mit_cbcl/test/face/cmu_0464.pgm
/Users/ynakamura/workspace/data/mit_cbcl/test/face/cmu_0465.pgm
/Users/ynakamura/workspace/data/mit_cbcl/test/face/cmu_0466.pgm
/Users/ynakamura/workspace/data/mit_cbcl/test/face/cmu_0467.pgm
/Users/ynakamura/workspace/data/mit_cbcl/test/face/cmu_0468.pgm
/Users/ynakamura/workspace/data/mit_cbcl/test/face/cmu_0469.pgm
/Users/ynakamura/workspace/data/mit_cbcl/test/face/cmu_0470.pgm
/Users/ynakamura/workspace/data/mit_cbcl/test/face/cmu_0471.pgm
